
> prox-code@1.0.0 gulp
> node --max-old-space-size=8192 ./node_modules/gulp/bin/gulp.js compile-cli --src vs/workbench/contrib/preferences

[[90m11:23:11[39m] Using gulpfile ~\Desktop\Kanishk Raj\Coding\ProX-Code\gulpfile.mjs
[[90m11:23:11[39m] Starting 'compile-cli'...
[[90m11:23:11[39m] [33m[cli][39m No local Rust install detected, compilation may fail.
[[90m11:23:11[39m] [33m[cli][39m Get rust from: https://rustup.rs/
[[90m11:23:11[39m] Starting [32mcompilation[39m[34m cli[39m...
[[90m11:23:12[39m] [31mError[39m: Error: spawn cargo ENOENT
[[90m11:23:12[39m] Finished [32mcompilation[39m[34m cli[39m with 1 errors after [35m100 ms[39m
[[90m11:23:12[39m] [31mError[39m: Error: spawn cargo ENOENT
[[90m11:23:12[39m] Finished [32mcompilation[39m[34m cli[39m with 1 errors after [35m102 ms[39m
