node.exe : npm warn Unknown project config "disturl". This will stop working in the next major version of npm.
At line:1 char:1
+ & "C:\Program Files\nodejs/node.exe" "C:\Users\INTEX\AppData\Roaming\ ...
+ ~~~~~~~~~~~~~~~~~~~~~~~~~~~~~~~~~~~~~~~~~~~~~~~~~~~~~~~~~~~~~~~~~~~~~
    + CategoryInfo          : NotSpecified: (npm warn Unknow...version of npm.:String) [], RemoteException
    + FullyQualifiedErrorId : NativeCommandError
 
npm warn Unknown project config "target". This will stop working in the next major version of npm.
npm warn Unknown project config "ms_build_id". This will stop working in the next major version of npm.
npm warn Unknown project config "runtime". This will stop working in the next major version of npm.
npm warn Unknown project config "build_from_source". This will stop working in the next major version of npm.
npm warn Unknown project config "timeout". This will stop working in the next major version of npm.
src/vs/workbench/contrib/extensions/browser/extensions.contribution.ts(109,11): error TS1005: ',' expected.
src/vs/workbench/contrib/extensions/browser/extensions.contribution.ts(109,17): error TS1005: ',' expected.
src/vs/workbench/contrib/extensions/browser/extensions.contribution.ts(109,75): error TS1005: ',' expected.
src/vs/workbench/contrib/extensions/browser/extensions.contribution.ts(109,110): error TS1005: ',' expected.
src/vs/workbench/contrib/extensions/browser/extensions.contribution.ts(109,126): error TS1109: Expression expected.
src/vs/workbench/contrib/extensions/browser/extensions.contribution.ts(110,37): error TS1005: ',' expected.
src/vs/workbench/contrib/extensions/browser/extensions.contribution.ts(110,182): error TS1005: ',' expected.
src/vs/workbench/contrib/extensions/browser/extensions.contribution.ts(111,39): error TS1005: ',' expected.
src/vs/workbench/contrib/extensions/browser/extensions.contribution.ts(111,175): error TS1005: ',' expected.
src/vs/workbench/contrib/extensions/browser/extensions.contribution.ts(112,48): error TS1005: ',' expected.
src/vs/workbench/contrib/extensions/browser/extensions.contribution.ts(112,161): error TS1005: ',' expected.
src/vs/workbench/contrib/extensions/browser/extensions.contribution.ts(113,49): error TS1005: ',' expected.
src/vs/workbench/contrib/extensions/browser/extensions.contribution.ts(113,163): error TS1005: ',' expected.
src/vs/workbench/contrib/extensions/browser/extensions.contribution.ts(114,38): error TS1005: ',' expected.
src/vs/workbench/contrib/extensions/browser/extensions.contribution.ts(114,225): error TS1005: ',' expected.
src/vs/workbench/contrib/extensions/browser/extensions.contribution.ts(117,2): error TS1005: ',' expected.
src/vs/workbench/contrib/extensions/browser/extensions.contribution.ts(117,10): error TS1005: ',' expected.
src/vs/workbench/contrib/extensions/browser/extensions.contribution.ts(117,39): error TS1005: ',' expected.
src/vs/workbench/contrib/extensions/browser/extensions.contribution.ts(118,10): error TS1005: ',' expected.
src/vs/workbench/contrib/extensions/browser/extensions.contribution.ts(121,3): error TS1005: ',' expected.
src/vs/workbench/contrib/extensions/browser/extensions.contribution.ts(121,5): error TS1005: ',' expected.
src/vs/workbench/contrib/extensions/browser/extensions.contribution.ts(122,10): error TS1005: ',' expected.
src/vs/workbench/contrib/extensions/browser/extensions.contribution.ts(127,4): error TS1005: ',' expected.
src/vs/workbench/contrib/extensions/browser/extensions.contribution.ts(129,2): error TS1005: ',' expected.
src/vs/workbench/contrib/extensions/browser/extensions.contribution.ts(132,10): error TS1005: ',' expected.
src/vs/workbench/contrib/extensions/browser/extensions.contribution.ts(132,33): error TS1005: ',' expected.
src/vs/workbench/contrib/extensions/browser/extensions.contribution.ts(152,7): error TS1005: ':' expected.
src/vs/workbench/contrib/extensions/browser/extensions.contribution.ts(160,5): error TS1005: ',' expected.
src/vs/workbench/contrib/extensions/browser/extensions.contribution.ts(162,7): error TS1005: ':' expected.
src/vs/workbench/contrib/extensions/browser/extensions.contribution.ts(173,5): error TS1005: ',' expected.
src/vs/workbench/contrib/extensions/browser/extensions.contribution.ts(175,7): error TS1005: ':' expected.
src/vs/workbench/contrib/extensions/browser/extensions.contribution.ts(191,5): error TS1005: ',' expected.
src/vs/workbench/contrib/extensions/browser/extensions.contribution.ts(193,7): error TS1005: ':' expected.
src/vs/workbench/contrib/extensions/browser/extensions.contribution.ts(202,5): error TS1005: ',' expected.
src/vs/workbench/contrib/extensions/browser/extensions.contribution.ts(204,7): error TS1005: ':' expected.
src/vs/workbench/contrib/extensions/browser/extensions.contribution.ts(226,5): error TS1005: ',' expected.
src/vs/workbench/contrib/extensions/browser/extensions.contribution.ts(228,9): error TS1005: ':' expected.
src/vs/workbench/contrib/extensions/browser/extensions.contribution.ts(228,109): error TS1005: ',' expected.
src/vs/workbench/contrib/extensions/browser/extensions.contribution.ts(229,7): error TS1005: ':' expected.
src/vs/workbench/contrib/extensions/browser/extensions.contribution.ts(243,5): error TS1005: ',' expected.
src/vs/workbench/contrib/extensions/browser/extensions.contribution.ts(245,9): error TS1005: ':' expected.
src/vs/workbench/contrib/extensions/browser/extensions.contribution.ts(245,113): error TS1005: ',' expected.
src/vs/workbench/contrib/extensions/browser/extensions.contribution.ts(246,7): error TS1005: ':' expected.
src/vs/workbench/contrib/extensions/browser/extensions.contribution.ts(260,5): error TS1005: ',' expected.
src/vs/workbench/contrib/extensions/browser/extensions.contribution.ts(262,7): error TS1005: ':' expected.
src/vs/workbench/contrib/extensions/browser/extensions.contribution.ts(287,5): error TS1005: ',' expected.
src/vs/workbench/contrib/extensions/browser/extensions.contribution.ts(289,7): error TS1005: ':' expected.
src/vs/workbench/contrib/extensions/browser/extensions.contribution.ts(308,5): error TS1005: ',' expected.
src/vs/workbench/contrib/extensions/browser/extensions.contribution.ts(310,7): error TS1005: ':' expected.
src/vs/workbench/contrib/extensions/browser/extensions.contribution.ts(324,5): error TS1005: ',' expected.
src/vs/workbench/contrib/extensions/browser/extensions.contribution.ts(326,7): error TS1005: ':' expected.
src/vs/workbench/contrib/extensions/browser/extensions.contribution.ts(345,5): error TS1005: ',' expected.
src/vs/workbench/contrib/extensions/browser/extensions.contribution.ts(347,7): error TS1005: ':' expected.
src/vs/workbench/contrib/extensions/browser/extensions.contribution.ts(361,5): error TS1005: ',' expected.
src/vs/workbench/contrib/extensions/browser/extensions.contribution.ts(363,7): error TS1005: ':' expected.
src/vs/workbench/contrib/extensions/browser/extensions.contribution.ts(390,5): error TS1005: ',' expected.
src/vs/workbench/contrib/extensions/browser/extensions.contribution.ts(392,7): error TS1005: ':' expected.
src/vs/workbench/contrib/extensions/browser/extensions.contribution.ts(449,5): error TS1005: ',' expected.
src/vs/workbench/contrib/extensions/browser/extensions.contribution.ts(451,7): error TS1005: ':' expected.
src/vs/workbench/contrib/extensions/browser/extensions.contribution.ts(499,5): error TS1005: ',' expected.
src/vs/workbench/contrib/extensions/browser/extensions.contribution.ts(501,15): error TS1005: ',' expected.
src/vs/workbench/contrib/extensions/browser/extensions.contribution.ts(507,5): error TS1005: ',' expected.
src/vs/workbench/contrib/extensions/browser/extensions.contribution.ts(509,9): error TS1005: ':' expected.
src/vs/workbench/contrib/extensions/browser/extensions.contribution.ts(509,64): error TS1005: ',' expected.
src/vs/workbench/contrib/extensions/browser/extensions.contribution.ts(510,9): error TS1005: ':' expected.
src/vs/workbench/contrib/extensions/browser/extensions.contribution.ts(510,183): error TS1005: ',' expected.
src/vs/workbench/contrib/extensions/browser/extensions.contribution.ts(511,7): error TS1005: ':' expected.
src/vs/workbench/contrib/extensions/browser/extensions.contribution.ts(528,5): error TS1005: ',' expected.
src/vs/workbench/contrib/extensions/browser/extensions.contribution.ts(530,7): error TS1005: ':' expected.
src/vs/workbench/contrib/extensions/browser/extensions.contribution.ts(547,5): error TS1005: ',' expected.
src/vs/workbench/contrib/extensions/browser/extensions.contribution.ts(549,7): error TS1005: ':' expected.
src/vs/workbench/contrib/extensions/browser/extensions.contribution.ts(566,5): error TS1005: ',' expected.
src/vs/workbench/contrib/extensions/browser/extensions.contribution.ts(568,7): error TS1005: ':' expected.
src/vs/workbench/contrib/extensions/browser/extensions.contribution.ts(585,5): error TS1005: ',' expected.
src/vs/workbench/contrib/extensions/browser/extensions.contribution.ts(587,9): error TS1005: ':' expected.
src/vs/workbench/contrib/extensions/browser/extensions.contribution.ts(587,88): error TS1005: ',' expected.
src/vs/workbench/contrib/extensions/browser/extensions.contribution.ts(588,15): error TS1005: ',' expected.
src/vs/workbench/contrib/extensions/browser/extensions.contribution.ts(594,5): error TS1005: ',' expected.
src/vs/workbench/contrib/extensions/browser/extensions.contribution.ts(596,23): error TS1005: ',' expected.
src/vs/workbench/contrib/extensions/browser/extensions.contribution.ts(607,5): error TS1005: ',' expected.
src/vs/workbench/contrib/extensions/browser/extensions.contribution.ts(609,7): error TS1005: ':' expected.
src/vs/workbench/contrib/extensions/browser/extensions.contribution.ts(623,5): error TS1005: ',' expected.
src/vs/workbench/contrib/extensions/browser/extensions.contribution.ts(625,7): error TS1005: ':' expected.
src/vs/workbench/contrib/extensions/browser/extensions.contribution.ts(641,5): error TS1005: ',' expected.
src/vs/workbench/contrib/extensions/browser/extensions.contribution.ts(643,7): error TS1005: ':' expected.
src/vs/workbench/contrib/extensions/browser/extensions.contribution.ts(659,5): error TS1005: ',' expected.
src/vs/workbench/contrib/extensions/browser/extensions.contribution.ts(661,7): error TS1005: ':' expected.
src/vs/workbench/contrib/extensions/browser/extensions.contribution.ts(678,5): error TS1005: ',' expected.
src/vs/workbench/contrib/extensions/browser/extensions.contribution.ts(680,7): error TS1005: ':' expected.
src/vs/workbench/contrib/extensions/browser/extensions.contribution.ts(696,5): error TS1005: ',' expected.
src/vs/workbench/contrib/extensions/browser/extensions.contribution.ts(698,7): error TS1005: ':' expected.
src/vs/workbench/contrib/extensions/browser/extensions.contribution.ts(714,5): error TS1005: ',' expected.
src/vs/workbench/contrib/extensions/browser/extensions.contribution.ts(716,9): error TS1005: ':' expected.
src/vs/workbench/contrib/extensions/browser/extensions.contribution.ts(716,68): error TS1005: ',' expected.
src/vs/workbench/contrib/extensions/browser/extensions.contribution.ts(717,15): error TS1005: ',' expected.
src/vs/workbench/contrib/extensions/browser/extensions.contribution.ts(723,5): error TS1005: ',' expected.
src/vs/workbench/contrib/extensions/browser/extensions.contribution.ts(731,3): error TS1109: Expression expected.
src/vs/workbench/contrib/extensions/browser/extensions.contribution.ts(731,4): error TS1005: ':' expected.
src/vs/workbench/contrib/extensions/browser/extensions.contribution.ts(750,6): error TS1005: ',' expected.
src/vs/workbench/contrib/extensions/browser/extensions.contribution.ts(752,7): error TS1005: ':' expected.
src/vs/workbench/contrib/extensions/browser/extensions.contribution.ts(772,5): error TS1005: ',' expected.
src/vs/workbench/contrib/extensions/browser/extensions.contribution.ts(774,7): error TS1005: ':' expected.
src/vs/workbench/contrib/extensions/browser/extensions.contribution.ts(792,5): error TS1005: ',' expected.
src/vs/workbench/contrib/extensions/browser/extensions.contribution.ts(794,7): error TS1005: ':' expected.
src/vs/workbench/contrib/extensions/browser/extensions.contribution.ts(808,5): error TS1005: ',' expected.
src/vs/workbench/contrib/extensions/browser/extensions.contribution.ts(810,7): error TS1005: ':' expected.
src/vs/workbench/contrib/extensions/browser/extensions.contribution.ts(824,5): error TS1005: ',' expected.
src/vs/workbench/contrib/extensions/browser/extensions.contribution.ts(826,7): error TS1005: ':' expected.
src/vs/workbench/contrib/extensions/browser/extensions.contribution.ts(835,5): error TS1005: ',' expected.
src/vs/workbench/contrib/extensions/browser/extensions.contribution.ts(839,2): error TS1005: ',' expected.
src/vs/workbench/contrib/extensions/browser/extensions.contribution.ts(839,10): error TS1005: ',' expected.
src/vs/workbench/contrib/extensions/browser/extensions.contribution.ts(839,38): error TS1005: ',' expected.
src/vs/workbench/contrib/extensions/browser/extensions.contribution.ts(841,6): error TS1005: ':' expected.
src/vs/workbench/contrib/extensions/browser/extensions.contribution.ts(860,4): error TS1005: ',' expected.
src/vs/workbench/contrib/extensions/browser/extensions.contribution.ts(862,6): error TS1005: ':' expected.
src/vs/workbench/contrib/extensions/browser/extensions.contribution.ts(881,4): error TS1005: ',' expected.
src/vs/workbench/contrib/extensions/browser/extensions.contribution.ts(883,6): error TS1005: ':' expected.
src/vs/workbench/contrib/extensions/browser/extensions.contribution.ts(902,4): error TS1005: ',' expected.
src/vs/workbench/contrib/extensions/browser/extensions.contribution.ts(904,6): error TS1005: ':' expected.
src/vs/workbench/contrib/extensions/browser/extensions.contribution.ts(918,4): error TS1005: ',' expected.
src/vs/workbench/contrib/extensions/browser/extensions.contribution.ts(920,6): error TS1005: ':' expected.
src/vs/workbench/contrib/extensions/browser/extensions.contribution.ts(934,4): error TS1005: ',' expected.
src/vs/workbench/contrib/extensions/browser/extensions.contribution.ts(936,6): error TS1005: ':' expected.
src/vs/workbench/contrib/extensions/browser/extensions.contribution.ts(961,4): error TS1005: ',' expected.
src/vs/workbench/contrib/extensions/browser/extensions.contribution.ts(963,6): error TS1005: ':' expected.
src/vs/workbench/contrib/extensions/browser/extensions.contribution.ts(984,4): error TS1005: ',' expected.
src/vs/workbench/contrib/extensions/browser/extensions.contribution.ts(986,6): error TS1005: ':' expected.
src/vs/workbench/contrib/extensions/browser/extensions.contribution.ts(1006,4): error TS1005: ',' expected.
src/vs/workbench/contrib/extensions/browser/extensions.contribution.ts(1008,6): error TS1005: ':' expected.
src/vs/workbench/contrib/extensions/browser/extensions.contribution.ts(1028,4): error TS1005: ',' expected.
src/vs/workbench/contrib/extensions/browser/extensions.contribution.ts(1030,6): error TS1005: ':' expected.
src/vs/workbench/contrib/extensions/browser/extensions.contribution.ts(1047,4): error TS1005: ',' expected.
src/vs/workbench/contrib/extensions/browser/extensions.contribution.ts(1049,6): error TS1005: ':' expected.
src/vs/workbench/contrib/extensions/browser/extensions.contribution.ts(1069,4): error TS1005: ',' expected.
src/vs/workbench/contrib/extensions/browser/extensions.contribution.ts(1071,6): error TS1005: ':' expected.
src/vs/workbench/contrib/extensions/browser/extensions.contribution.ts(1093,4): error TS1005: ',' expected.
src/vs/workbench/contrib/extensions/browser/extensions.contribution.ts(1095,6): error TS1005: ':' expected.
src/vs/workbench/contrib/extensions/browser/extensions.contribution.ts(1117,4): error TS1005: ',' expected.
src/vs/workbench/contrib/extensions/browser/extensions.contribution.ts(1119,6): error TS1005: ':' expected.
src/vs/workbench/contrib/extensions/browser/extensions.contribution.ts(1136,4): error TS1005: ',' expected.
src/vs/workbench/contrib/extensions/browser/extensions.contribution.ts(1138,6): error TS1005: ':' expected.
src/vs/workbench/contrib/extensions/browser/extensions.contribution.ts(1160,4): error TS1005: ',' expected.
src/vs/workbench/contrib/extensions/browser/extensions.contribution.ts(1162,6): error TS1005: ':' expected.
src/vs/workbench/contrib/extensions/browser/extensions.contribution.ts(1170,4): error TS1005: ',' expected.
src/vs/workbench/contrib/extensions/browser/extensions.contribution.ts(1172,6): error TS1005: ':' expected.
src/vs/workbench/contrib/extensions/browser/extensions.contribution.ts(1186,4): error TS1005: ',' expected.
src/vs/workbench/contrib/extensions/browser/extensions.contribution.ts(1188,6): error TS1005: ':' expected.
src/vs/workbench/contrib/extensions/browser/extensions.contribution.ts(1198,4): error TS1005: ',' expected.
src/vs/workbench/contrib/extensions/browser/extensions.contribution.ts(1200,6): error TS1005: ':' expected.
src/vs/workbench/contrib/extensions/browser/extensions.contribution.ts(1211,4): error TS1005: ',' expected.
src/vs/workbench/contrib/extensions/browser/extensions.contribution.ts(1213,6): error TS1005: ':' expected.
src/vs/workbench/contrib/extensions/browser/extensions.contribution.ts(1224,4): error TS1005: ',' expected.
src/vs/workbench/contrib/extensions/browser/extensions.contribution.ts(1226,6): error TS1005: ':' expected.
src/vs/workbench/contrib/extensions/browser/extensions.contribution.ts(1237,4): error TS1005: ',' expected.
src/vs/workbench/contrib/extensions/browser/extensions.contribution.ts(1239,6): error TS1005: ':' expected.
src/vs/workbench/contrib/extensions/browser/extensions.contribution.ts(1249,4): error TS1005: ',' expected.
src/vs/workbench/contrib/extensions/browser/extensions.contribution.ts(1251,6): error TS1005: ':' expected.
src/vs/workbench/contrib/extensions/browser/extensions.contribution.ts(1261,4): error TS1005: ',' expected.
src/vs/workbench/contrib/extensions/browser/extensions.contribution.ts(1263,6): error TS1005: ':' expected.
src/vs/workbench/contrib/extensions/browser/extensions.contribution.ts(1280,4): error TS1005: ',' expected.
src/vs/workbench/contrib/extensions/browser/extensions.contribution.ts(1282,6): error TS1005: ':' expected.
src/vs/workbench/contrib/extensions/browser/extensions.contribution.ts(1297,4): error TS1005: ',' expected.
src/vs/workbench/contrib/extensions/browser/extensions.contribution.ts(1299,6): error TS1005: ':' expected.
src/vs/workbench/contrib/extensions/browser/extensions.contribution.ts(1309,4): error TS1005: ',' expected.
src/vs/workbench/contrib/extensions/browser/extensions.contribution.ts(1311,6): error TS1005: ':' expected.
src/vs/workbench/contrib/extensions/browser/extensions.contribution.ts(1321,4): error TS1005: ',' expected.
src/vs/workbench/contrib/extensions/browser/extensions.contribution.ts(1323,6): error TS1005: ':' expected.
src/vs/workbench/contrib/extensions/browser/extensions.contribution.ts(1333,4): error TS1005: ',' expected.
src/vs/workbench/contrib/extensions/browser/extensions.contribution.ts(1335,6): error TS1005: ':' expected.
src/vs/workbench/contrib/extensions/browser/extensions.contribution.ts(1345,4): error TS1005: ',' expected.
src/vs/workbench/contrib/extensions/browser/extensions.contribution.ts(1347,6): error TS1005: ':' expected.
src/vs/workbench/contrib/extensions/browser/extensions.contribution.ts(1368,4): error TS1005: ',' expected.
src/vs/workbench/contrib/extensions/browser/extensions.contribution.ts(1370,6): error TS1005: ':' expected.
src/vs/workbench/contrib/extensions/browser/extensions.contribution.ts(1379,4): error TS1005: ',' expected.
src/vs/workbench/contrib/extensions/browser/extensions.contribution.ts(1381,6): error TS1005: ':' expected.
src/vs/workbench/contrib/extensions/browser/extensions.contribution.ts(1402,4): error TS1005: ',' expected.
src/vs/workbench/contrib/extensions/browser/extensions.contribution.ts(1404,6): error TS1005: ':' expected.
src/vs/workbench/contrib/extensions/browser/extensions.contribution.ts(1413,4): error TS1005: ',' expected.
src/vs/workbench/contrib/extensions/browser/extensions.contribution.ts(1415,6): error TS1005: ':' expected.
src/vs/workbench/contrib/extensions/browser/extensions.contribution.ts(1424,4): error TS1005: ',' expected.
src/vs/workbench/contrib/extensions/browser/extensions.contribution.ts(1426,6): error TS1005: ':' expected.
src/vs/workbench/contrib/extensions/browser/extensions.contribution.ts(1457,4): error TS1005: ',' expected.
src/vs/workbench/contrib/extensions/browser/extensions.contribution.ts(1461,2): error TS1005: ',' expected.
src/vs/workbench/contrib/extensions/browser/extensions.contribution.ts(1461,10): error TS1005: ',' expected.
src/vs/workbench/contrib/extensions/browser/extensions.contribution.ts(1461,56): error TS1005: ',' expected.
src/vs/workbench/contrib/extensions/browser/extensions.contribution.ts(1461,82): error TS1005: ',' expected.
src/vs/workbench/contrib/extensions/browser/extensions.contribution.ts(1461,96): error TS1005: ',' expected.
src/vs/workbench/contrib/extensions/browser/extensions.contribution.ts(1462,8): error TS1005: ':' expected.
src/vs/workbench/contrib/extensions/browser/extensions.contribution.ts(1462,155): error TS1005: ',' expected.
src/vs/workbench/contrib/extensions/browser/extensions.contribution.ts(1463,6): error TS1005: ',' expected.
src/vs/workbench/contrib/extensions/browser/extensions.contribution.ts(1463,72): error TS1011: An element access expression should take an argument.
src/vs/workbench/contrib/extensions/browser/extensions.contribution.ts(1463,78): error TS1005: ',' expected.
src/vs/workbench/contrib/extensions/browser/extensions.contribution.ts(1464,8): error TS1005: ':' expected.
src/vs/workbench/contrib/extensions/browser/extensions.contribution.ts(1464,23): error TS1005: ',' expected.
src/vs/workbench/contrib/extensions/browser/extensions.contribution.ts(1464,25): error TS1136: Property assignment expected.
src/vs/workbench/contrib/extensions/browser/extensions.contribution.ts(1464,37): error TS1005: ',' expected.
src/vs/workbench/contrib/extensions/browser/extensions.contribution.ts(1464,57): error TS1011: An element access expression should take an argument.
src/vs/workbench/contrib/extensions/browser/extensions.contribution.ts(1464,63): error TS1005: ')' expected.
src/vs/workbench/contrib/extensions/browser/extensions.contribution.ts(1494,2): error TS1128: Declaration or statement expected.
src/vs/workbench/contrib/extensions/browser/extensions.contribution.ts(1496,1): error TS1128: Declaration or statement expected.
